[10сент.2026 00:48:29.307] [main/INFO] [cpw.mods.modlauncher.Launcher/MODLAUNCHER]: ModLauncher running: args [--launchTarget, forgeclientdev, --version, 21.1.250, --assetIndex, 17, --assetsDir, C:\\Users\\Артем\\.gradle\\caches\\neoformruntime\\assets, --gameDir, ., --fml.fmlVersion, 4.0.44, --fml.mcVersion, 1.21.1, --fml.neoForgeVersion, 21.1.250, --fml.neoFormVersion, 20240808.144430, --username, Dev2]
[10сент.2026 00:48:29.310] [main/INFO] [cpw.mods.modlauncher.Launcher/MODLAUNCHER]: JVM identified as Oracle Corporation Java HotSpot(TM) 64-Bit Server VM 21+35-LTS-2513
[10сент.2026 00:48:29.312] [main/INFO] [cpw.mods.modlauncher.Launcher/MODLAUNCHER]: ModLauncher 11.0.5+main.901c6ea8 starting: java version 21 by Oracle Corporation; OS Windows 10 arch amd64 version 10.0
[10сент.2026 00:48:29.468] [main/INFO] [net.neoforged.fml.loading.ImmediateWindowHandler/]: Loading ImmediateWindowProvider fmlearlywindow
[10сент.2026 00:48:29.616] [main/INFO] [EARLYDISPLAY/]: Trying GL version 4.6
[10сент.2026 00:48:29.785] [main/INFO] [EARLYDISPLAY/]: Requested GL version 4.6 got version 4.6
[10сент.2026 00:48:29.897] [main/INFO] [mixin/]: SpongePowered MIXIN Subsystem Version=0.8.7 Source=union:/C:/Users/Артем/.gradle/caches/modules-2/files-2.1/net.fabricmc/sponge-mixin/0.15.2+mixin.0.8.7/2af2f021d8e02a0220dc27a7a72b4666d66d44ca/sponge-mixin-0.15.2+mixin.0.8.7.jar%23138!/ Service=ModLauncher Env=CLIENT
[10сент.2026 00:48:30.204] [pool-2-thread-1/INFO] [EARLYDISPLAY/]: GL info: NVIDIA GeForce RTX 3080 Ti/PCIe/SSE2 GL version 4.6.0 NVIDIA 616.56, NVIDIA Corporation
[10сент.2026 00:48:30.416] [main/INFO] [net.neoforged.fml.loading.moddiscovery.locators.JarInJarDependencyLocator/]: Found 3 dependencies adding them to mods collection
[10сент.2026 00:48:30.419] [main/INFO] [net.neoforged.fml.loading.moddiscovery.ModDiscoverer/]: 
     Mod List:
		Name Version (Mod Id)

		Balm 21.0.65 (balm)
		Hardcore Revival 21.1.22 (hardcorerevival)
		KumaAPI 21.0.8 (kuma_api)
		Minecraft 1.21.1 (minecraft)
		NeoForge 21.1.250 (neoforge)
		Revival Addon 1.0.0 (albarevivaladdon)
[10сент.2026 00:48:31.442] [main/INFO] [mixin/]: Compatibility level set to JAVA_17
[10сент.2026 00:48:31.450] [main/INFO] [mixin/]: Compatibility level set to JAVA_21
[10сент.2026 00:48:31.476] [main/INFO] [cpw.mods.modlauncher.LaunchServiceHandler/MODLAUNCHER]: Launching target 'forgeclientdev' with arguments [--version, 21.1.250, --gameDir, ., --assetsDir, C:\Users\Артем\.gradle\caches\neoformruntime\assets, --assetIndex, 17, --username, Dev2]
[10сент.2026 00:48:31.551] [main/WARN] [mixin/]: Reference map 'hardcorerevival.refmap.json' for hardcorerevival.mixins.json could not be read. If this is a development environment you can ignore this message
[10сент.2026 00:48:31.552] [main/WARN] [mixin/]: Reference map 'hardcorerevival.refmap.json' for hardcorerevival.neoforge.mixins.json could not be read. If this is a development environment you can ignore this message
[10сент.2026 00:48:31.553] [main/WARN] [mixin/]: Reference map 'kuma_api.refmap.json' for kuma_api.mixins.json could not be read. If this is a development environment you can ignore this message
[10сент.2026 00:48:31.555] [main/WARN] [mixin/]: Reference map 'balm.refmap.json' for balm.mixins.json could not be read. If this is a development environment you can ignore this message
[10сент.2026 00:48:32.007] [main/INFO] [MixinExtras|Service/]: Initializing MixinExtras via com.llamalad7.mixinextras.service.MixinExtrasServiceImpl(version=0.5.3).
[10сент.2026 00:48:33.789] [Datafixer Bootstrap/INFO] [com.mojang.datafixers.DataFixerBuilder/]: 229 Datafixer optimizations took 533 milliseconds
[10сент.2026 00:48:39.121] [main/WARN] [net.minecraft.commands.Commands/]: Ambiguity between arguments [teleport, location] and [teleport, destination] with inputs: [0.1 -0.5 .9, 0 0 0]
[10сент.2026 00:48:39.122] [main/WARN] [net.minecraft.commands.Commands/]: Ambiguity between arguments [teleport, location] and [teleport, targets] with inputs: [0.1 -0.5 .9, 0 0 0]
[10сент.2026 00:48:39.125] [main/WARN] [net.minecraft.commands.Commands/]: Ambiguity between arguments [teleport, destination] and [teleport, targets] with inputs: [Player, 0123, @e, dd12be42-52a9-4a91-a8a1-11c01849e498]
[10сент.2026 00:48:39.126] [main/WARN] [net.minecraft.commands.Commands/]: Ambiguity between arguments [teleport, targets] and [teleport, destination] with inputs: [Player, 0123, dd12be42-52a9-4a91-a8a1-11c01849e498]
[10сент.2026 00:48:39.127] [main/WARN] [net.minecraft.commands.Commands/]: Ambiguity between arguments [teleport, targets, location] and [teleport, targets, destination] with inputs: [0.1 -0.5 .9, 0 0 0]
[10сент.2026 00:48:39.241] [Render thread/WARN] [net.minecraft.server.packs.VanillaPackResourcesBuilder/]: Assets URL 'union:/E:/college_minecraft_server/_CustomMods/RevivalAddon/build/moddev/artifacts/neoforge-21.1.250.jar%23189!/assets/.mcassetsroot' uses unexpected schema
[10сент.2026 00:48:39.241] [Render thread/WARN] [net.minecraft.server.packs.VanillaPackResourcesBuilder/]: Assets URL 'union:/E:/college_minecraft_server/_CustomMods/RevivalAddon/build/moddev/artifacts/neoforge-21.1.250.jar%23189!/data/.mcassetsroot' uses unexpected schema
[10сент.2026 00:48:39.264] [Render thread/INFO] [com.mojang.authlib.yggdrasil.YggdrasilAuthenticationService/]: Environment: Environment[sessionHost=https://sessionserver.mojang.com, servicesHost=https://api.minecraftservices.com, name=PROD]
[10сент.2026 00:48:39.274] [Render thread/INFO] [net.minecraft.client.Minecraft/]: Setting user: Dev2
[10сент.2026 00:48:39.352] [Render thread/INFO] [net.minecraft.client.Minecraft/]: Backend library: LWJGL version 3.3.3+5
[10сент.2026 00:48:39.563] [modloading-worker-0/INFO] [net.neoforged.neoforge.common.NeoForgeMod/NEOFORGE-MOD]: NeoForge mod loading, version 21.1.250, for MC 1.21.1
[10сент.2026 00:48:39.627] [modloading-worker-0/INFO] [net.blay09.mods.balm.neoforge.config.NeoForgeBalmConfig/]: Registering config for hardcorerevival:common (COMMON) with 24 properties.
[10сент.2026 00:48:40.235] [Render thread/INFO] [net.neoforged.neoforge.gametest.GameTestHooks/]: Enabled Gametest Namespaces: []
[10сент.2026 00:48:40.374] [Render thread/INFO] [net.minecraft.server.packs.resources.ReloadableResourceManager/]: Reloading ResourceManager: vanilla, mod_resources, mod/hardcorerevival, mod/kuma_api, mod/neoforge, mod/balm, mod/albarevivaladdon
[10сент.2026 00:48:40.392] [Worker-Main-1/INFO] [com.oathbreaker.albarevivaladdon.RevivalAddon/]: HELLO FROM COMMON SETUP
[10сент.2026 00:48:40.392] [Worker-Main-1/INFO] [com.oathbreaker.albarevivaladdon.RevivalAddon/]: DIRT BLOCK >> minecraft:dirt
[10сент.2026 00:48:40.393] [Worker-Main-1/INFO] [com.oathbreaker.albarevivaladdon.RevivalAddon/]: The magic number is... 42
[10сент.2026 00:48:40.393] [Worker-Main-1/INFO] [com.oathbreaker.albarevivaladdon.RevivalAddon/]: ITEM >> minecraft:iron_ingot
[10сент.2026 00:48:40.469] [Worker-Main-4/INFO] [net.minecraft.client.gui.font.providers.UnihexProvider/]: Found unifont_all_no_pua-15.1.05.hex, loading
[10сент.2026 00:48:40.609] [Worker-Main-11/INFO] [net.minecraft.client.gui.font.providers.UnihexProvider/]: Found unifont_jp_patch-15.1.05.hex, loading
[10сент.2026 00:48:40.656] [Worker-Main-6/INFO] [com.oathbreaker.albarevivaladdon.RevivalAddon/]: HELLO FROM CLIENT SETUP
[10сент.2026 00:48:40.656] [Worker-Main-6/INFO] [com.oathbreaker.albarevivaladdon.RevivalAddon/]: MINECRAFT NAME >> Dev2
[10сент.2026 00:48:41.235] [Worker-Main-3/WARN] [net.minecraft.client.resources.model.BlockStateModelLoader/]: Exception loading blockstate definition: 'albarevivaladdon:blockstates/example_block.json' missing model for variant: 'albarevivaladdon:example_block#'
[10сент.2026 00:48:41.236] [Worker-Main-3/WARN] [net.minecraft.client.resources.model.ModelBakery/]: Unable to load model: 'albarevivaladdon:item/example_block' referenced from: albarevivaladdon:item/example_block: java.io.FileNotFoundException: albarevivaladdon:models/item/example_block.json
[10сент.2026 00:48:41.239] [Worker-Main-3/WARN] [net.minecraft.client.resources.model.ModelBakery/]: Unable to load model: 'albarevivaladdon:item/example_item' referenced from: albarevivaladdon:item/example_item: java.io.FileNotFoundException: albarevivaladdon:models/item/example_item.json
[10сент.2026 00:48:41.910] [Render thread/WARN] [net.minecraft.client.sounds.SoundEngine/]: Missing sound for event: minecraft:item.goat_horn.play
[10сент.2026 00:48:41.910] [Render thread/WARN] [net.minecraft.client.sounds.SoundEngine/]: Missing sound for event: minecraft:entity.goat.screaming.horn_break
[10сент.2026 00:48:41.943] [Render thread/INFO] [com.mojang.blaze3d.audio.Library/]: OpenAL initialized on device OpenAL Soft on Наушники гарнитуры (HyperX Virtual Surround Sound)
[10сент.2026 00:48:41.944] [Render thread/INFO] [net.minecraft.client.sounds.SoundEngine/SOUNDS]: Sound engine started
[10сент.2026 00:48:42.051] [Render thread/INFO] [net.minecraft.client.renderer.texture.TextureAtlas/]: Created: 1024x512x4 minecraft:textures/atlas/blocks.png-atlas
[10сент.2026 00:48:42.061] [Render thread/INFO] [net.minecraft.client.renderer.texture.TextureAtlas/]: Created: 256x256x4 minecraft:textures/atlas/signs.png-atlas
[10сент.2026 00:48:42.062] [Render thread/INFO] [net.minecraft.client.renderer.texture.TextureAtlas/]: Created: 512x512x4 minecraft:textures/atlas/shield_patterns.png-atlas
[10сент.2026 00:48:42.063] [Render thread/INFO] [net.minecraft.client.renderer.texture.TextureAtlas/]: Created: 512x512x4 minecraft:textures/atlas/banner_patterns.png-atlas
[10сент.2026 00:48:42.063] [Render thread/INFO] [net.minecraft.client.renderer.texture.TextureAtlas/]: Created: 1024x1024x4 minecraft:textures/atlas/armor_trims.png-atlas
[10сент.2026 00:48:42.067] [Render thread/INFO] [net.minecraft.client.renderer.texture.TextureAtlas/]: Created: 128x64x4 minecraft:textures/atlas/decorated_pot.png-atlas
[10сент.2026 00:48:42.067] [Render thread/INFO] [net.minecraft.client.renderer.texture.TextureAtlas/]: Created: 256x256x4 minecraft:textures/atlas/chest.png-atlas
[10сент.2026 00:48:42.067] [Render thread/INFO] [net.minecraft.client.renderer.texture.TextureAtlas/]: Created: 512x256x4 minecraft:textures/atlas/shulker_boxes.png-atlas
[10сент.2026 00:48:42.068] [Render thread/INFO] [net.minecraft.client.renderer.texture.TextureAtlas/]: Created: 512x256x4 minecraft:textures/atlas/beds.png-atlas
[10сент.2026 00:48:42.218] [Render thread/INFO] [net.minecraft.client.renderer.texture.TextureAtlas/]: Created: 512x256x0 minecraft:textures/atlas/particles.png-atlas
[10сент.2026 00:48:42.219] [Render thread/INFO] [net.minecraft.client.renderer.texture.TextureAtlas/]: Created: 512x256x0 minecraft:textures/atlas/paintings.png-atlas
[10сент.2026 00:48:42.219] [Render thread/INFO] [net.minecraft.client.renderer.texture.TextureAtlas/]: Created: 256x128x0 minecraft:textures/atlas/mob_effects.png-atlas
[10сент.2026 00:48:42.220] [Render thread/INFO] [net.minecraft.client.renderer.texture.TextureAtlas/]: Created: 64x64x0 minecraft:textures/atlas/map_decorations.png-atlas
[10сент.2026 00:48:42.220] [Render thread/INFO] [net.minecraft.client.renderer.texture.TextureAtlas/]: Created: 1024x512x0 minecraft:textures/atlas/gui.png-atlas
[10сент.2026 00:48:42.241] [Render thread/WARN] [net.minecraft.client.renderer.ShaderInstance/]: Shader rendertype_entity_translucent_emissive could not find sampler named Sampler2 in the specified shader program.
[10сент.2026 00:48:42.290] [Render thread/INFO] [net.neoforged.neoforge.client.entity.animation.json.AnimationLoader/]: Loaded 0 entity animations
[10сент.2026 00:48:51.314] [Render thread/INFO] [net.minecraft.client.gui.screens.ConnectScreen/]: Connecting to localhost, 25565
[10сент.2026 00:48:55.308] [Render thread/INFO] [net.minecraft.advancements.AdvancementTree/]: Loaded 2 advancements
[10сент.2026 00:49:21.291] [Render thread/INFO] [net.minecraft.client.gui.components.ChatComponent/]: [System] [CHAT] Dev was slain by Dev2
[10сент.2026 00:49:24.526] [Render thread/INFO] [net.minecraft.client.gui.components.ChatComponent/]: [System] [CHAT] Dev was slain by Dev2
[10сент.2026 00:49:27.527] [Render thread/INFO] [net.minecraft.client.gui.components.ChatComponent/]: [System] [CHAT] Dev was slain by Dev2
[10сент.2026 00:49:30.722] [Render thread/INFO] [net.minecraft.client.gui.components.ChatComponent/]: [System] [CHAT] Dev was slain by Dev2
[10сент.2026 00:49:33.676] [Render thread/INFO] [net.minecraft.client.gui.components.ChatComponent/]: [System] [CHAT] Dev is dead for sure
[10сент.2026 00:49:33.677] [Render thread/INFO] [net.minecraft.client.gui.components.ChatComponent/]: [System] [CHAT] Dev was slain by Dev2
[10сент.2026 00:49:33.677] [Render thread/INFO] [net.minecraft.client.gui.components.ChatComponent/]: [System] [CHAT] Dev was not rescued in time
[10сент.2026 00:49:33.694] [Render thread/INFO] [net.minecraft.advancements.AdvancementTree/]: Loaded 38 advancements
[10сент.2026 00:49:43.103] [Render thread/INFO] [net.minecraft.client.gui.components.ChatComponent/]: [System] [CHAT] Dev left the game
[10сент.2026 00:49:43.878] [Render thread/INFO] [net.minecraft.client.Minecraft/]: Stopping!
